2026-09-16 04:10:33.360: [INFO] CurrentProfilePath: C:\Users\DELL\eclipse-workspace\EmployeeManagement\.metadata\.plugins\org.eclipse.swt\EBWebView\Default
2026-09-16 04:10:33.360: [INFO] Profiles total count: 1
2026-09-16 04:10:33.360: [INFO] Profile: name=Profile 1 path=C:\Users\DELL\eclipse-workspace\EmployeeManagement\.metadata\.plugins\org.eclipse.swt\EBWebView\Default lastActive=null
2026-09-16 04:10:33.360: [INFO] LastUsedProfileDir: C:\Users\DELL\eclipse-workspace\EmployeeManagement\.metadata\.plugins\org.eclipse.swt\EBWebView\Default
2026-09-16 04:10:33.360: [INFO] OnDoneLoading sync enabled: 0
2026-09-16 04:10:33.360: [INFO] BookmarkModelLoaded, ids_reassigned: 0
2026-09-16 04:10:33.360: [INFO] BookmarksLoadDropped droppedNodes=0
2026-09-16 04:10:33.360: [INFO] BookmarksSnapshot Startup total=0 bar=0 other=0 mobile=0 showBar=0 showBarNTP=1
2026-09-16 04:16:07.218: [INFO] BookmarksSnapshot Shutdown total=0 bar=0 other=0 mobile=0 showBar=0 showBarNTP=1
2026-09-16 04:20:46.976: [INFO] CurrentProfilePath: C:\Users\DELL\eclipse-workspace\EmployeeManagement\.metadata\.plugins\org.eclipse.swt\EBWebView\Default
2026-09-16 04:20:46.976: [INFO] Profiles total count: 1
2026-09-16 04:20:46.976: [INFO] Profile: name=Profile 1 path=C:\Users\DELL\eclipse-workspace\EmployeeManagement\.metadata\.plugins\org.eclipse.swt\EBWebView\Default lastActive=2026-09-16T04:16:33.655Z
2026-09-16 04:20:46.976: [INFO] LastUsedProfileDir: C:\Users\DELL\eclipse-workspace\EmployeeManagement\.metadata\.plugins\org.eclipse.swt\EBWebView\Default
2026-09-16 04:20:46.976: [INFO] MostRecentlyActiveProfile: name=Profile 1 path=C:\Users\DELL\eclipse-workspace\EmployeeManagement\.metadata\.plugins\org.eclipse.swt\EBWebView\Default lastActive=2026-09-16T04:16:33.655Z
2026-09-16 04:20:46.976: [INFO] OnDoneLoading sync enabled: 0
2026-09-16 04:20:46.976: [INFO] BookmarkModelLoaded, ids_reassigned: 0
2026-09-16 04:20:46.976: [INFO] BookmarksLoadDropped droppedNodes=0
2026-09-16 04:20:46.976: [INFO] BookmarksSnapshot Startup total=0 bar=0 other=0 mobile=0 showBar=0 showBarNTP=1
2026-09-16 04:23:54.689: [INFO] BookmarksSnapshot Shutdown total=0 bar=0 other=0 mobile=0 showBar=0 showBarNTP=1
2026-09-16 04:25:13.618: [INFO] CurrentProfilePath: C:\Users\DELL\eclipse-workspace\EmployeeManagement\.metadata\.plugins\org.eclipse.swt\EBWebView\Default
2026-09-16 04:25:13.618: [INFO] Profiles total count: 1
2026-09-16 04:25:13.618: [INFO] Profile: name=Profile 1 path=C:\Users\DELL\eclipse-workspace\EmployeeManagement\.metadata\.plugins\org.eclipse.swt\EBWebView\Default lastActive=2026-09-16T04:23:51.571Z
2026-09-16 04:25:13.618: [INFO] LastUsedProfileDir: C:\Users\DELL\eclipse-workspace\EmployeeManagement\.metadata\.plugins\org.eclipse.swt\EBWebView\Default
2026-09-16 04:25:13.618: [INFO] MostRecentlyActiveProfile: name=Profile 1 path=C:\Users\DELL\eclipse-workspace\EmployeeManagement\.metadata\.plugins\org.eclipse.swt\EBWebView\Default lastActive=2026-09-16T04:23:51.571Z
2026-09-16 04:25:13.618: [INFO] OnDoneLoading sync enabled: 0
2026-09-16 04:25:13.618: [INFO] BookmarkModelLoaded, ids_reassigned: 0
2026-09-16 04:25:13.618: [INFO] BookmarksLoadDropped droppedNodes=0
2026-09-16 04:25:13.618: [INFO] BookmarksSnapshot Startup total=0 bar=0 other=0 mobile=0 showBar=0 showBarNTP=1
2026-09-16 04:27:08.118: [INFO] BookmarksSnapshot Shutdown total=0 bar=0 other=0 mobile=0 showBar=0 showBarNTP=1
